// Jest Snapshot v1, https://goo.gl/fbAQLP

exports[`book list page show books on dom 1`] = `"<h1>List books</h1><li><a href=\\"/books/1/edit\\">Hakkebakkeskogen</a></li>"`;

exports[`book list page shows book error page 1`] = `"<div>Something went wrong: Error: I don't like this</div><button>Try again</button>"`;

exports[`book list page shows book loading page 1`] = `"<div>Loading ...</div>"`;
