// Jest Snapshot v1, https://goo.gl/fbAQLP

exports[`edit book page can show information about an existing book 1`] = `"<form><h1>Edit an existing book (Prosessen)</h1><div><label>Title: <input type=\\"text\\" value=\\"Prosessen\\"></label></div><div><label>Author: <input type=\\"text\\" value=\\"Kafka\\"></label></div><div><label>Year: <input type=\\"number\\" value=\\"1925\\"></label></div><button>Submit</button></form>"`;

exports[`edit book page can show loading screen 1`] = `"<div>Loading ...</div>"`;
