// Jest Snapshot v1, https://goo.gl/fbAQLP

exports[`book edit page loads book 1`] = `"<form><h1>Edit an existing book (My Book)</h1><div><label>Title: <input type=\\"text\\" value=\\"My Book\\"></label></div><div><label>Author: <input type=\\"text\\" value=\\"Firstname Lastname\\"></label></div><div><label>Year: <input type=\\"number\\" value=\\"1999\\"></label></div><button>Submit</button></form>"`;

exports[`book edit page shows book loading failure 1`] = `"<div>Something went wrong: Error: Not found</div><button>Try again</button>"`;
